// Jest Snapshot v1, https://goo.gl/fbAQLP

exports[`should render Loading Modal correctly 1`] = `
Object {
  "asFragment": [Function],
  "baseElement": <body>
    <div>
      <span
        class="styles__Container-sc-1bp5gp0-0 bjaajf"
      >
        <svg
          fill="none"
          height="32"
          stroke="currentColor"
          stroke-linecap="round"
          stroke-linejoin="round"
          stroke-width="2"
          viewBox="0 0 24 24"
          width="32"
          xmlns="http://www.w3.org/2000/svg"
        >
          <line
            x1="12"
            x2="12"
            y1="2"
            y2="6"
          />
          <line
            x1="12"
            x2="12"
            y1="18"
            y2="22"
          />
          <line
            x1="4.93"
            x2="7.76"
            y1="4.93"
            y2="7.76"
          />
          <line
            x1="16.24"
            x2="19.07"
            y1="16.24"
            y2="19.07"
          />
          <line
            x1="2"
            x2="6"
            y1="12"
            y2="12"
          />
          <line
            x1="18"
            x2="22"
            y1="12"
            y2="12"
          />
          <line
            x1="4.93"
            x2="7.76"
            y1="19.07"
            y2="16.24"
          />
          <line
            x1="16.24"
            x2="19.07"
            y1="7.76"
            y2="4.93"
          />
        </svg>
      </span>
    </div>
  </body>,
  "container": <div>
    <span
      class="styles__Container-sc-1bp5gp0-0 bjaajf"
    >
      <svg
        fill="none"
        height="32"
        stroke="currentColor"
        stroke-linecap="round"
        stroke-linejoin="round"
        stroke-width="2"
        viewBox="0 0 24 24"
        width="32"
        xmlns="http://www.w3.org/2000/svg"
      >
        <line
          x1="12"
          x2="12"
          y1="2"
          y2="6"
        />
        <line
          x1="12"
          x2="12"
          y1="18"
          y2="22"
        />
        <line
          x1="4.93"
          x2="7.76"
          y1="4.93"
          y2="7.76"
        />
        <line
          x1="16.24"
          x2="19.07"
          y1="16.24"
          y2="19.07"
        />
        <line
          x1="2"
          x2="6"
          y1="12"
          y2="12"
        />
        <line
          x1="18"
          x2="22"
          y1="12"
          y2="12"
        />
        <line
          x1="4.93"
          x2="7.76"
          y1="19.07"
          y2="16.24"
        />
        <line
          x1="16.24"
          x2="19.07"
          y1="7.76"
          y2="4.93"
        />
      </svg>
    </span>
  </div>,
  "debug": [Function],
  "findAllByAltText": [Function],
  "findAllByDisplayValue": [Function],
  "findAllByLabelText": [Function],
  "findAllByPlaceholderText": [Function],
  "findAllByRole": [Function],
  "findAllByTestId": [Function],
  "findAllByText": [Function],
  "findAllByTitle": [Function],
  "findByAltText": [Function],
  "findByDisplayValue": [Function],
  "findByLabelText": [Function],
  "findByPlaceholderText": [Function],
  "findByRole": [Function],
  "findByTestId": [Function],
  "findByText": [Function],
  "findByTitle": [Function],
  "getAllByAltText": [Function],
  "getAllByDisplayValue": [Function],
  "getAllByLabelText": [Function],
  "getAllByPlaceholderText": [Function],
  "getAllByRole": [Function],
  "getAllByTestId": [Function],
  "getAllByText": [Function],
  "getAllByTitle": [Function],
  "getByAltText": [Function],
  "getByDisplayValue": [Function],
  "getByLabelText": [Function],
  "getByPlaceholderText": [Function],
  "getByRole": [Function],
  "getByTestId": [Function],
  "getByText": [Function],
  "getByTitle": [Function],
  "queryAllByAltText": [Function],
  "queryAllByDisplayValue": [Function],
  "queryAllByLabelText": [Function],
  "queryAllByPlaceholderText": [Function],
  "queryAllByRole": [Function],
  "queryAllByTestId": [Function],
  "queryAllByText": [Function],
  "queryAllByTitle": [Function],
  "queryByAltText": [Function],
  "queryByDisplayValue": [Function],
  "queryByLabelText": [Function],
  "queryByPlaceholderText": [Function],
  "queryByRole": [Function],
  "queryByTestId": [Function],
  "queryByText": [Function],
  "queryByTitle": [Function],
  "rerender": [Function],
  "unmount": [Function],
}
`;
