// Jest Snapshot v1, https://goo.gl/fbAQLP

exports[`should render Deleted Vods correctly 1`] = `
<div
  className="DeletedVods__Container-lbpcr0-0 jJCtcX"
>
  <div
    className="DeletedVods__AnimationContainer-lbpcr0-1 caWxQA"
  >
    <h1>
      Deleted Twitch Vods
    </h1>
    <form
      onSubmit={[Function]}
    >
      <div
        className="input-box"
      >
        <input
          name="vodId"
          onChange={[Function]}
          placeholder="Vod ID"
          type="number"
          value=""
        />
        <div
          className="styles__Container-pgyzn6-0 iSQhKg"
        >
          <div
            className="info-box"
          >
            <p>
              You can get the Vod Id from
              <a
                href="https://twitchtracker.com"
                rel="noopener noreferrer"
                target="_blank"
              >
                twitchtracker.com
              </a>
            </p>
          </div>
          <svg
            fill="none"
            height={18}
            stroke="currentColor"
            strokeLinecap="round"
            strokeLinejoin="round"
            strokeWidth="2"
            style={
              Object {
                "color": undefined,
              }
            }
            viewBox="0 0 24 24"
            width={18}
            xmlns="http://www.w3.org/2000/svg"
          >
            <circle
              cx="12"
              cy="12"
              r="10"
            />
            <line
              x1="12"
              x2="12"
              y1="16"
              y2="12"
            />
            <line
              x1="12"
              x2="12.01"
              y1="8"
              y2="8"
            />
          </svg>
        </div>
      </div>
      <div
        className="styles__Container-ezdgk0-0 eWRZyP"
      >
        <label
          htmlFor="quality"
        >
          Select a quality: 
        </label>
        <select
          id="quality"
          name="quality"
          onChange={[Function]}
        >
          <option
            defaultValue="chunked"
          >
            Source
          </option>
          <option
            value="720p60"
          >
            720p60
          </option>
          <option
            value="720p30"
          >
            720p30
          </option>
          <option
            value="480p30"
          >
            480p
          </option>
          <option
            value="360p30"
          >
            360p
          </option>
          <option
            value="160p30"
          >
            160p
          </option>
          <option
            value="audio_only"
          >
            audio
          </option>
        </select>
        <div
          className="styles__Container-pgyzn6-0 iSQhKg"
        >
          <div
            className="info-box"
          >
            <p>
              Works best with "Source"
            </p>
          </div>
          <svg
            fill="none"
            height={18}
            stroke="currentColor"
            strokeLinecap="round"
            strokeLinejoin="round"
            strokeWidth="2"
            style={
              Object {
                "color": undefined,
              }
            }
            viewBox="0 0 24 24"
            width={18}
            xmlns="http://www.w3.org/2000/svg"
          >
            <circle
              cx="12"
              cy="12"
              r="10"
            />
            <line
              x1="12"
              x2="12"
              y1="16"
              y2="12"
            />
            <line
              x1="12"
              x2="12.01"
              y1="8"
              y2="8"
            />
          </svg>
        </div>
      </div>
      <button
        aria-label="submit"
        onClick={[Function]}
        type="submit"
      >
        <svg
          fill="none"
          height={14}
          stroke="currentColor"
          strokeLinecap="round"
          strokeLinejoin="round"
          strokeWidth="2"
          style={
            Object {
              "color": undefined,
            }
          }
          viewBox="0 0 24 24"
          width={14}
          xmlns="http://www.w3.org/2000/svg"
        >
          <circle
            cx="11"
            cy="11"
            r="8"
          />
          <line
            x1="21"
            x2="16.65"
            y1="21"
            y2="16.65"
          />
        </svg>
        Search
      </button>
    </form>
    <div
      className="styles__Container-cfnpnh-0 iVQCyu"
    >
      <span
        onClick={[Function]}
        onMouseEnter={[Function]}
      >
        <svg
          fill="none"
          height={14}
          stroke="currentColor"
          strokeLinecap="round"
          strokeLinejoin="round"
          strokeWidth="2"
          style={
            Object {
              "color": undefined,
            }
          }
          viewBox="0 0 24 24"
          width={14}
          xmlns="http://www.w3.org/2000/svg"
        >
          <circle
            cx="11"
            cy="11"
            r="8"
          />
          <line
            x1="21"
            x2="16.65"
            y1="21"
            y2="16.65"
          />
        </svg>
        Home
      </span>
    </div>
  </div>
  <div
    className="styles__Container-w3v8va-0 jGGVKI"
  >
    <a
      href="https://ko-fi.com/pogulive"
      rel="noopener noreferrer"
      target="_blank"
    >
      <img
        alt="Buy Me a Coffee at ko-fi.com"
        className="kofi-img"
        src="https://cdn.ko-fi.com/cdn/kofi5.png?v=2"
      />
    </a>
    <a
      href="https://twitter.com/pogulive"
      rel="noopener noreferrer"
      target="_blank"
    >
      <img
        alt="twitter logo"
        src="https://abs.twimg.com/favicons/twitter.ico"
      />
    </a>
  </div>
</div>
`;
