// Jest Snapshot v1, https://goo.gl/fbAQLP

exports[`should render Deleted Clips correctly 1`] = `
<div
  className="DeletedClips__Container-sc-18jbdtp-0 bhotBv"
>
  <div
    className="DeletedClips__AnimationContainer-sc-18jbdtp-1 hiaomV"
  >
    <h1>
      Deleted Twitch Clips
    </h1>
    <form
      onSubmit={[Function]}
    >
      <div
        className="input-box"
      >
        <input
          name="vodId"
          onChange={[Function]}
          placeholder="Vod ID"
          type="number"
          value=""
        />
        <div
          className="styles__Container-pgyzn6-0 iSQhKg"
        >
          <div
            className="info-box"
          >
            <p>
              You can get the Vod Id from
              <a
                href="https://twitchtracker.com"
                rel="noopener noreferrer"
                target="_blank"
              >
                twitchtracker.com
              </a>
            </p>
          </div>
          <svg
            fill="none"
            height={18}
            stroke="currentColor"
            strokeLinecap="round"
            strokeLinejoin="round"
            strokeWidth="2"
            style={
              Object {
                "color": undefined,
              }
            }
            viewBox="0 0 24 24"
            width={18}
            xmlns="http://www.w3.org/2000/svg"
          >
            <circle
              cx="12"
              cy="12"
              r="10"
            />
            <line
              x1="12"
              x2="12"
              y1="16"
              y2="12"
            />
            <line
              x1="12"
              x2="12.01"
              y1="8"
              y2="8"
            />
          </svg>
        </div>
      </div>
      <div
        className="time-container"
      >
        <div
          className="starting-time"
        >
          <input
            min="0"
            name="Starting Point H"
            onChange={[Function]}
            placeholder="h"
            type="number"
            value=""
          />
          <input
            aria-label="startingM"
            max="59"
            min="0"
            name="Starting Point M"
            onChange={[Function]}
            placeholder="m"
            type="number"
            value=""
          />
          <input
            max="59"
            min="0"
            name="Starting Point S"
            onChange={[Function]}
            placeholder="s"
            type="number"
            value=""
          />
        </div>
        <p>
          to
        </p>
        <div
          className="ending-time"
        >
          <input
            min="0"
            name="Ending Point H"
            onChange={[Function]}
            placeholder="h"
            type="number"
            value=""
          />
          <input
            aria-label="endingM"
            max="59"
            min="0"
            name="Ending Point M"
            onChange={[Function]}
            placeholder="m"
            type="number"
            value=""
          />
          <input
            max="59"
            min="0"
            name="Ending Point S"
            onChange={[Function]}
            placeholder="s"
            type="number"
            value=""
          />
        </div>
      </div>
      <button
        aria-label="submit"
        onClick={[Function]}
        type="submit"
      >
        <svg
          fill="none"
          height={14}
          stroke="currentColor"
          strokeLinecap="round"
          strokeLinejoin="round"
          strokeWidth="2"
          style={
            Object {
              "color": undefined,
            }
          }
          viewBox="0 0 24 24"
          width={14}
          xmlns="http://www.w3.org/2000/svg"
        >
          <circle
            cx="11"
            cy="11"
            r="8"
          />
          <line
            x1="21"
            x2="16.65"
            y1="21"
            y2="16.65"
          />
        </svg>
        Search
      </button>
    </form>
    <div
      className="styles__Container-cfnpnh-0 iVQCyu"
    >
      <span
        onClick={[Function]}
        onMouseEnter={[Function]}
      >
        <svg
          fill="none"
          height={14}
          stroke="currentColor"
          strokeLinecap="round"
          strokeLinejoin="round"
          strokeWidth="2"
          style={
            Object {
              "color": undefined,
            }
          }
          viewBox="0 0 24 24"
          width={14}
          xmlns="http://www.w3.org/2000/svg"
        >
          <circle
            cx="11"
            cy="11"
            r="8"
          />
          <line
            x1="21"
            x2="16.65"
            y1="21"
            y2="16.65"
          />
        </svg>
        Home
      </span>
    </div>
    <div
      className="video-container"
    >
      <div
        style={
          Object {
            "height": "100%",
            "width": "100%",
          }
        }
      />
    </div>
  </div>
  <div
    className="styles__Container-w3v8va-0 jGGVKI"
  >
    <a
      href="https://ko-fi.com/pogulive"
      rel="noopener noreferrer"
      target="_blank"
    >
      <img
        alt="Buy Me a Coffee at ko-fi.com"
        className="kofi-img"
        src="https://cdn.ko-fi.com/cdn/kofi5.png?v=2"
      />
    </a>
    <a
      href="https://twitter.com/pogulive"
      rel="noopener noreferrer"
      target="_blank"
    >
      <img
        alt="twitter logo"
        src="https://abs.twimg.com/favicons/twitter.ico"
      />
    </a>
  </div>
</div>
`;
