// Jest Snapshot v1, https://goo.gl/fbAQLP

exports[`should render Error Modal correctly 1`] = `
<div
  className="styles__Container-sc-1363ygh-0 gPcMLO"
>
  <svg
    fill="none"
    height={36}
    stroke="currentColor"
    strokeLinecap="round"
    strokeLinejoin="round"
    strokeWidth="2"
    style={
      Object {
        "color": undefined,
      }
    }
    viewBox="0 0 24 24"
    width={36}
    xmlns="http://www.w3.org/2000/svg"
  >
    <circle
      cx="12"
      cy="12"
      r="10"
    />
    <line
      x1="12"
      x2="12"
      y1="8"
      y2="12"
    />
    <line
      x1="12"
      x2="12.01"
      y1="16"
      y2="16"
    />
  </svg>
  <span>
    The user you just searched doesn't exist
  </span>
</div>
`;
