// Jest Snapshot v1, https://goo.gl/fbAQLP

exports[`should render Vod Gallery correctly 1`] = `
Array [
  <a
    href="https://www.twitch.tv/xqcow"
    onClick={[Function]}
    onMouseEnter={[Function]}
    rel="noopener noreferrer"
    target="_blank"
  >
    <div
      className="styles__StreamerInformation-sc-1grrpo5-0 jNzjxa"
    >
      <div
        title="Overwatch Professional tank player and full time streamer. EZ Clap"
      >
        <img
          alt="xQcOW"
          src="https://static-cdn.jtvnw.net/jtv_user_pictures/xqcow-profile_image-9298dca608632101-150x150.jpeg"
        />
      </div>
      <div>
        <h1>
          xQcOW
        </h1>
        <p>
          Overwatch Professional tank player and full time streamer. EZ Clap
        </p>
      </div>
    </div>
  </a>,
  <div
    className="styles__Container-sc-1grrpo5-1 fzloJj"
  >
    <div
      title="[ NoPixel ] FROM 20K TO 100K OR BUST. BEST PLAYER WORLD OF ALL GAMES, BIG BIG."
    >
      <button
        onClick={[Function]}
        type="button"
      >
        <div>
          <figure
            className="styles__Image-sc-1grrpo5-2 ezDIWJ"
          >
            <span>
              17:30:43
            </span>
          </figure>
        </div>
        <strong>
          [ NoPixel ] FROM 20K TO 100K OR BUST. BEST PLAYER WORLD OF ALL GAMES, BIG BIG.
        </strong>
        <span>
          <p>
            Views: 
            3.2M
          </p>
          <p>
            3/28/2021
          </p>
        </span>
      </button>
    </div>
    <div
      title="[ NoPixel ] BIG DAY TODAY OMG! COURT CASE, CAZINO JUMP AND MORE WOW! WARLORD MOMENT INBOUND"
    >
      <button
        onClick={[Function]}
        type="button"
      >
        <div>
          <figure
            className="styles__Image-sc-1grrpo5-2 elKh"
          >
            <span>
              15:08:36
            </span>
          </figure>
        </div>
        <strong>
          [ NoPixel ] BIG DAY TODAY OMG! COURT CASE, CAZINO JUMP AND MORE WOW! WARLORD MOMENT INBOUND
        </strong>
        <span>
          <p>
            Views: 
            2.8M
          </p>
          <p>
            3/26/2021
          </p>
        </span>
      </button>
    </div>
  </div>,
]
`;
