// Jest Snapshot v1, https://goo.gl/fbAQLP

exports[`should render Vod Modal correctly 1`] = `
<div
  className="styles__Container-xygqpp-0 hhwJGI"
>
  <div
    style={
      Object {
        "height": "100%",
        "width": "100%",
      }
    }
  />
</div>
`;
